// Jest Snapshot v1, https://goo.gl/fbAQLP

exports[`EuiTablePagination renders 1`] = `
<body>
  <div>
    <div
      class="euiFlexGroup eui-xScroll emotion-euiFlexGroup-wrap-s-spaceBetween-center-row"
    >
      <div
        class="euiFlexItem emotion-euiFlexItem-growZero"
      >
        <div
          class="euiPopover emotion-euiPopover-inline-block"
        >
          <button
            class="euiButtonEmpty emotion-euiButtonDisplay-euiButtonEmpty-xs-empty-text"
            data-test-subj="tablePaginationPopoverButton"
            type="button"
          >
            <span
              class="euiButtonEmpty__content emotion-euiButtonDisplayContent"
            >
              <span
                class="eui-textTruncate euiButtonEmpty__text"
              >
                Rows per page
                : 
                10
              </span>
              <span
                color="inherit"
                data-euiicon-type="arrowDown"
              />
            </span>
          </button>
        </div>
      </div>
      <div
        class="euiFlexItem emotion-euiFlexItem-growZero"
      >
        <nav
          aria-label="aria-label"
          class="euiPagination testClass1 testClass2 emotion-euiPagination-euiTestCss"
          data-test-subj="test subject string"
        >
          <span
            aria-atomic="true"
            aria-relevant="additions text"
            class="emotion-euiScreenReaderOnly"
            role="status"
          >
            Page 2 of 5
          </span>
          <button
            aria-label="Previous page"
            class="euiButtonIcon euiPaginationArrowButton emotion-euiButtonIcon-xs-empty-text-euiPaginationButton"
            data-test-subj="pagination-button-previous"
            title="Previous page"
            type="button"
          >
            <span
              aria-hidden="true"
              class="euiButtonIcon__icon"
              color="inherit"
              data-euiicon-type="arrowLeft"
            />
          </button>
          <ul
            aria-label="aria-label"
            class="euiPagination__list emotion-euiPagination__list"
          >
            <li
              class="euiPagination__item"
            >
              <button
                aria-label="Page 1 of 5"
                class="euiButtonEmpty euiPaginationButton emotion-euiButtonDisplay-euiButtonEmpty-s-empty-text-euiPaginationButton"
                data-test-subj="pagination-button-0"
                type="button"
              >
                <span
                  class="euiButtonEmpty__content emotion-euiButtonDisplayContent"
                >
                  <span
                    class="eui-textTruncate euiButtonEmpty__text"
                  >
                    1
                  </span>
                </span>
              </button>
            </li>
            <li
              class="euiPagination__item"
            >
              <button
                aria-current="true"
                aria-label="Page 2 of 5"
                class="euiButtonEmpty euiPaginationButton emotion-euiButtonDisplay-euiButtonEmpty-s-empty-disabled-isDisabled-euiPaginationButton-isActive"
                data-test-subj="pagination-button-1"
                disabled=""
                type="button"
              >
                <span
                  class="euiButtonEmpty__content emotion-euiButtonDisplayContent"
                >
                  <span
                    class="eui-textTruncate euiButtonEmpty__text"
                  >
                    2
                  </span>
                </span>
              </button>
            </li>
            <li
              class="euiPagination__item"
            >
              <button
                aria-label="Page 3 of 5"
                class="euiButtonEmpty euiPaginationButton emotion-euiButtonDisplay-euiButtonEmpty-s-empty-text-euiPaginationButton"
                data-test-subj="pagination-button-2"
                type="button"
              >
                <span
                  class="euiButtonEmpty__content emotion-euiButtonDisplayContent"
                >
                  <span
                    class="eui-textTruncate euiButtonEmpty__text"
                  >
                    3
                  </span>
                </span>
              </button>
            </li>
            <li
              class="euiPagination__item"
            >
              <button
                aria-label="Page 4 of 5"
                class="euiButtonEmpty euiPaginationButton emotion-euiButtonDisplay-euiButtonEmpty-s-empty-text-euiPaginationButton"
                data-test-subj="pagination-button-3"
                type="button"
              >
                <span
                  class="euiButtonEmpty__content emotion-euiButtonDisplayContent"
                >
                  <span
                    class="eui-textTruncate euiButtonEmpty__text"
                  >
                    4
                  </span>
                </span>
              </button>
            </li>
            <li
              class="euiPagination__item"
            >
              <button
                aria-label="Page 5 of 5"
                class="euiButtonEmpty euiPaginationButton emotion-euiButtonDisplay-euiButtonEmpty-s-empty-text-euiPaginationButton"
                data-test-subj="pagination-button-4"
                type="button"
              >
                <span
                  class="euiButtonEmpty__content emotion-euiButtonDisplayContent"
                >
                  <span
                    class="eui-textTruncate euiButtonEmpty__text"
                  >
                    5
                  </span>
                </span>
              </button>
            </li>
          </ul>
          <button
            aria-label="Next page"
            class="euiButtonIcon euiPaginationArrowButton emotion-euiButtonIcon-xs-empty-text-euiPaginationButton"
            data-test-subj="pagination-button-next"
            title="Next page"
            type="button"
          >
            <span
              aria-hidden="true"
              class="euiButtonIcon__icon"
              color="inherit"
              data-euiicon-type="arrowRight"
            />
          </button>
        </nav>
      </div>
    </div>
  </div>
  <div
    data-euiportal="true"
  >
    <div
      data-focus-guard="true"
      style="width: 1px; height: 0px; padding: 0px; overflow: hidden; position: fixed; top: 1px; left: 1px;"
      tabindex="-1"
    />
    <div
      data-focus-lock-disabled="disabled"
    >
      <div
        aria-describedby="generated-id"
        aria-live="off"
        aria-modal="true"
        class="euiPanel euiPanel--plain euiPopover__panel emotion-euiPanel-grow-m-plain-euiPopover__panel-light-hasTransform"
        data-autofocus="true"
        data-popover-panel="true"
        role="dialog"
        style="top: -16px; left: -22px; will-change: transform, opacity; z-index: 2000;"
        tabindex="0"
      >
        <div
          class="euiPopover__arrow emotion-euiPopoverArrow-top"
          data-popover-arrow="top"
          style="left: 10px; top: 0px;"
        />
        <p
          class="emotion-euiScreenReaderOnly"
          id="generated-id"
        >
          You are in a dialog. Press Escape, or tap/click outside the dialog to close.
        </p>
        <div>
          <div
            class="euiContextMenuPanel emotion-euiContextMenuPanel"
            data-test-subj="tablePaginationRowOptions"
            tabindex="-1"
          >
            <div>
              <button
                aria-current="true"
                class="euiContextMenuItem emotion-euiContextMenuItem-m-center"
                data-test-subj="tablePagination-10-rows"
                type="button"
              >
                <span
                  class="euiContextMenu__icon emotion-euiContextMenu__icon"
                  color="inherit"
                  data-euiicon-type="check"
                />
                <span
                  class="euiContextMenuItem__text emotion-euiContextMenuItem__text"
                >
                  10 rows
                </span>
              </button>
              <button
                class="euiContextMenuItem emotion-euiContextMenuItem-m-center"
                data-test-subj="tablePagination-25-rows"
                type="button"
              >
                <span
                  class="euiContextMenu__icon emotion-euiContextMenu__icon"
                  color="inherit"
                  data-euiicon-type="empty"
                />
                <span
                  class="euiContextMenuItem__text emotion-euiContextMenuItem__text"
                >
                  25 rows
                </span>
              </button>
              <button
                class="euiContextMenuItem emotion-euiContextMenuItem-m-center"
                data-test-subj="tablePagination-50-rows"
                type="button"
              >
                <span
                  class="euiContextMenu__icon emotion-euiContextMenu__icon"
                  color="inherit"
                  data-euiicon-type="empty"
                />
                <span
                  class="euiContextMenuItem__text emotion-euiContextMenuItem__text"
                >
                  50 rows
                </span>
              </button>
            </div>
          </div>
        </div>
      </div>
    </div>
    <div
      data-focus-guard="true"
      style="width: 1px; height: 0px; padding: 0px; overflow: hidden; position: fixed; top: 1px; left: 1px;"
      tabindex="-1"
    />
  </div>
</body>
`;
