// Jest Snapshot v1, https://goo.gl/fbAQLP

exports[`renders EuiModal 1`] = `
<div>
  <div
    aria-label="aria-label"
    class="euiModal testClass1 testClass2"
    data-test-subj="test subject string"
    tabindex="0"
  >
    <button
      aria-label="Closes this modal window"
      class="euiButtonIcon euiButtonIcon--text euiModal__closeIcon"
      type="button"
    >
      <svg
        aria-hidden="true"
        class="euiIcon euiIcon--medium euiButtonIcon__icon"
        height="16"
        viewBox="0 0 16 16"
        width="16"
        xlink="http://www.w3.org/1999/xlink"
        xmlns="http://www.w3.org/2000/svg"
      >
        <defs>
          <path
            d="M7.293 8l-4.147 4.146a.5.5 0 0 0 .708.708L8 8.707l4.146 4.147a.5.5 0 0 0 .708-.708L8.707 8l4.147-4.146a.5.5 0 0 0-.708-.708L8 7.293 3.854 3.146a.5.5 0 1 0-.708.708L7.293 8z"
            id="cross-a"
          />
        </defs>
        <use
          fill-rule="nonzero"
          href="#cross-a"
        />
      </svg>
    </button>
    children
  </div>
</div>
`;
