// Jest Snapshot v1, https://goo.gl/fbAQLP

exports[`EuiHeaderLink is rendered 1`] = `
<li
  aria-label="aria-label"
  class="euiHeaderLink testClass1 testClass2"
  data-test-subj="test subject string"
>
  <a
    class="euiHeaderLink__link"
  >
    <span
      class="euiHeaderLink__text"
    />
  </a>
</li>
`;
