// Jest Snapshot v1, https://goo.gl/fbAQLP

exports[`EuiHideFor l is rendered 1`] = `
<span>
  Child
</span>
`;

exports[`EuiHideFor m is rendered 1`] = `
<span>
  Child
</span>
`;

exports[`EuiHideFor never renders for "all" 1`] = `null`;

exports[`EuiHideFor renders 1`] = `null`;

exports[`EuiHideFor renders for "none" 1`] = `
<span>
  Child
</span>
`;

exports[`EuiHideFor renders for multiple breakpoints 1`] = `null`;

exports[`EuiHideFor s is rendered 1`] = `null`;

exports[`EuiHideFor xl is rendered 1`] = `
<span>
  Child
</span>
`;

exports[`EuiHideFor xs is rendered 1`] = `
<span>
  Child
</span>
`;
