// Jest Snapshot v1, https://goo.gl/fbAQLP

exports[`EuiLoadingChart is rendered 1`] = `
<div
  aria-label="aria-label"
  class="euiLoadingChart testClass1 testClass2"
  data-test-subj="test subject string"
>
  <div
    class="euiLoadingChart__bar"
  />
  <div
    class="euiLoadingChart__bar"
  />
  <div
    class="euiLoadingChart__bar"
  />
  <div
    class="euiLoadingChart__bar"
  />
</div>
`;

exports[`EuiLoadingChart mono is rendered 1`] = `
<div
  class="euiLoadingChart euiLoadingChart--mono"
>
  <div
    class="euiLoadingChart__bar"
  />
  <div
    class="euiLoadingChart__bar"
  />
  <div
    class="euiLoadingChart__bar"
  />
  <div
    class="euiLoadingChart__bar"
  />
</div>
`;
