// Jest Snapshot v1, https://goo.gl/fbAQLP

exports[`EuiButtonEmpty is rendered 1`] = `
<button
  aria-label="aria-label"
  class="euiButtonEmpty euiButtonEmpty--primary testClass1 testClass2"
  data-test-subj="test subject string"
  type="button"
>
  <span
    class="euiButtonContent euiButtonEmpty__content"
  >
    <span
      class="euiButtonEmpty__text"
    >
      Content
    </span>
  </span>
</button>
`;

exports[`EuiButtonEmpty props color danger is rendered 1`] = `
<button
  class="euiButtonEmpty euiButtonEmpty--danger"
  type="button"
>
  <span
    class="euiButtonContent euiButtonEmpty__content"
  >
    <span
      class="euiButtonEmpty__text"
    />
  </span>
</button>
`;

exports[`EuiButtonEmpty props color ghost is rendered 1`] = `
<button
  class="euiButtonEmpty euiButtonEmpty--ghost"
  type="button"
>
  <span
    class="euiButtonContent euiButtonEmpty__content"
  >
    <span
      class="euiButtonEmpty__text"
    />
  </span>
</button>
`;

exports[`EuiButtonEmpty props color primary is rendered 1`] = `
<button
  class="euiButtonEmpty euiButtonEmpty--primary"
  type="button"
>
  <span
    class="euiButtonContent euiButtonEmpty__content"
  >
    <span
      class="euiButtonEmpty__text"
    />
  </span>
</button>
`;

exports[`EuiButtonEmpty props color success is rendered 1`] = `
<button
  class="euiButtonEmpty euiButtonEmpty--success"
  type="button"
>
  <span
    class="euiButtonContent euiButtonEmpty__content"
  >
    <span
      class="euiButtonEmpty__text"
    />
  </span>
</button>
`;

exports[`EuiButtonEmpty props color text is rendered 1`] = `
<button
  class="euiButtonEmpty euiButtonEmpty--text"
  type="button"
>
  <span
    class="euiButtonContent euiButtonEmpty__content"
  >
    <span
      class="euiButtonEmpty__text"
    />
  </span>
</button>
`;

exports[`EuiButtonEmpty props color warning is rendered 1`] = `
<button
  class="euiButtonEmpty euiButtonEmpty--warning"
  type="button"
>
  <span
    class="euiButtonContent euiButtonEmpty__content"
  >
    <span
      class="euiButtonEmpty__text"
    />
  </span>
</button>
`;

exports[`EuiButtonEmpty props contentProps is rendered 1`] = `
<button
  class="euiButtonEmpty euiButtonEmpty--primary"
  type="button"
>
  <span
    aria-label="aria-label"
    class="euiButtonContent euiButtonEmpty__content testClass1 testClass2"
    data-test-subj="test subject string"
  >
    <span
      class="euiButtonEmpty__text"
    >
      Content
    </span>
  </span>
</button>
`;

exports[`EuiButtonEmpty props flush both is rendered 1`] = `
<button
  class="euiButtonEmpty euiButtonEmpty--primary euiButtonEmpty--flushBoth"
  type="button"
>
  <span
    class="euiButtonContent euiButtonEmpty__content"
  >
    <span
      class="euiButtonEmpty__text"
    />
  </span>
</button>
`;

exports[`EuiButtonEmpty props flush left is rendered 1`] = `
<button
  class="euiButtonEmpty euiButtonEmpty--primary euiButtonEmpty--flushLeft"
  type="button"
>
  <span
    class="euiButtonContent euiButtonEmpty__content"
  >
    <span
      class="euiButtonEmpty__text"
    />
  </span>
</button>
`;

exports[`EuiButtonEmpty props flush right is rendered 1`] = `
<button
  class="euiButtonEmpty euiButtonEmpty--primary euiButtonEmpty--flushRight"
  type="button"
>
  <span
    class="euiButtonContent euiButtonEmpty__content"
  >
    <span
      class="euiButtonEmpty__text"
    />
  </span>
</button>
`;

exports[`EuiButtonEmpty props href secures the rel attribute when the target is _blank 1`] = `
<a
  class="euiButtonEmpty euiButtonEmpty--primary"
  href="#"
  rel="noopener noreferrer"
  target="_blank"
>
  <span
    class="euiButtonContent euiButtonEmpty__content"
  >
    <span
      class="euiButtonEmpty__text"
    />
  </span>
</a>
`;

exports[`EuiButtonEmpty props iconSide left is rendered 1`] = `
<button
  class="euiButtonEmpty euiButtonEmpty--primary"
  type="button"
>
  <span
    class="euiButtonContent euiButtonEmpty__content"
  >
    <span
      class="euiButtonContent__icon"
      color="inherit"
      data-euiicon-type="user"
    />
    <span
      class="euiButtonEmpty__text"
    >
      Content
    </span>
  </span>
</button>
`;

exports[`EuiButtonEmpty props iconSide right is rendered 1`] = `
<button
  class="euiButtonEmpty euiButtonEmpty--primary"
  type="button"
>
  <span
    class="euiButtonContent euiButtonContent--iconRight euiButtonEmpty__content"
  >
    <span
      class="euiButtonContent__icon"
      color="inherit"
      data-euiicon-type="user"
    />
    <span
      class="euiButtonEmpty__text"
    >
      Content
    </span>
  </span>
</button>
`;

exports[`EuiButtonEmpty props iconType is rendered 1`] = `
<button
  class="euiButtonEmpty euiButtonEmpty--primary"
  type="button"
>
  <span
    class="euiButtonContent euiButtonEmpty__content"
  >
    <span
      class="euiButtonContent__icon"
      color="inherit"
      data-euiicon-type="user"
    />
    <span
      class="euiButtonEmpty__text"
    />
  </span>
</button>
`;

exports[`EuiButtonEmpty props isDisabled is rendered 1`] = `
<button
  class="euiButtonEmpty euiButtonEmpty--primary euiButtonEmpty-isDisabled"
  disabled=""
  type="button"
>
  <span
    class="euiButtonContent euiButtonEmpty__content"
  >
    <span
      class="euiButtonEmpty__text"
    />
  </span>
</button>
`;

exports[`EuiButtonEmpty props isDisabled renders a button even when href is defined 1`] = `
<button
  class="euiButtonEmpty euiButtonEmpty--primary euiButtonEmpty-isDisabled"
  disabled=""
  type="button"
>
  <span
    class="euiButtonContent euiButtonEmpty__content"
  >
    <span
      class="euiButtonEmpty__text"
    />
  </span>
</button>
`;

exports[`EuiButtonEmpty props isDisabled renders if passed simply as disabled 1`] = `
<button
  class="euiButtonEmpty euiButtonEmpty--primary euiButtonEmpty-isDisabled"
  disabled=""
  type="button"
>
  <span
    class="euiButtonContent euiButtonEmpty__content"
  >
    <span
      class="euiButtonEmpty__text"
    />
  </span>
</button>
`;

exports[`EuiButtonEmpty props isLoading is rendered 1`] = `
<button
  class="euiButtonEmpty euiButtonEmpty--primary euiButtonEmpty-isDisabled"
  disabled=""
  type="button"
>
  <span
    class="euiButtonContent euiButtonEmpty__content"
  >
    <span
      class="euiLoadingSpinner euiLoadingSpinner--medium euiButtonContent__spinner"
    />
    <span
      class="euiButtonEmpty__text"
    />
  </span>
</button>
`;

exports[`EuiButtonEmpty props isSelected is rendered as false 1`] = `
<button
  aria-pressed="false"
  class="euiButtonEmpty euiButtonEmpty--primary"
  type="button"
>
  <span
    class="euiButtonContent euiButtonEmpty__content"
  >
    <span
      class="euiButtonEmpty__text"
    />
  </span>
</button>
`;

exports[`EuiButtonEmpty props isSelected is rendered as true 1`] = `
<button
  aria-pressed="true"
  class="euiButtonEmpty euiButtonEmpty--primary"
  type="button"
>
  <span
    class="euiButtonContent euiButtonEmpty__content"
  >
    <span
      class="euiButtonEmpty__text"
    />
  </span>
</button>
`;

exports[`EuiButtonEmpty props size l is rendered 1`] = `
<button
  class="euiButtonEmpty euiButtonEmpty--primary euiButtonEmpty--large"
  type="button"
>
  <span
    class="euiButtonContent euiButtonEmpty__content"
  >
    <span
      class="euiButtonEmpty__text"
    />
  </span>
</button>
`;

exports[`EuiButtonEmpty props size s is rendered 1`] = `
<button
  class="euiButtonEmpty euiButtonEmpty--primary euiButtonEmpty--small"
  type="button"
>
  <span
    class="euiButtonContent euiButtonEmpty__content"
  >
    <span
      class="euiButtonEmpty__text"
    />
  </span>
</button>
`;

exports[`EuiButtonEmpty props size xs is rendered 1`] = `
<button
  class="euiButtonEmpty euiButtonEmpty--primary euiButtonEmpty--xSmall"
  type="button"
>
  <span
    class="euiButtonContent euiButtonEmpty__content"
  >
    <span
      class="euiButtonEmpty__text"
    />
  </span>
</button>
`;

exports[`EuiButtonEmpty props textProps is rendered 1`] = `
<button
  class="euiButtonEmpty euiButtonEmpty--primary"
  type="button"
>
  <span
    class="euiButtonContent euiButtonEmpty__content"
  >
    <span
      aria-label="aria-label"
      class="euiButtonEmpty__text testClass1 testClass2"
      data-test-subj="test subject string"
    >
      Content
    </span>
  </span>
</button>
`;
