// Jest Snapshot v1, https://goo.gl/fbAQLP

exports[`EuiCrosshairY render the Y crosshair 1`] = `
<div
  style="width: 100%; height: 100%;"
>
  <div
    aria-label="aria-label"
    class="testClass1 testClass2"
    data-test-subj="test subject string"
  >
    <div
      class="rv-xy-plot "
      style="width: 600px; height: 200px;"
    >
      <svg
        class="rv-xy-plot__inner"
        height="200"
        width="600"
      >
        <g
          class="rv-xy-plot__series rv-xy-plot__series--bar euiBarSeries"
          transform="translate(0,0)"
        >
          <rect
            height="85"
            style="opacity: 1; stroke: #3185FC; fill: #3185FC;"
            width="450"
            x="0"
            y="107.5"
          />
          <rect
            height="85"
            style="opacity: 1; stroke: #3185FC; fill: #3185FC;"
            width="600"
            x="0"
            y="7.5"
          />
        </g>
      </svg>
    </div>
  </div>
</div>
`;
