// Jest Snapshot v1, https://goo.gl/fbAQLP

exports[`EuiTableHeaderMobile is rendered 1`] = `
<div
  aria-label="aria-label"
  class="euiTableHeaderMobile testClass1 testClass2"
  data-test-subj="test subject string"
/>
`;
