// Jest Snapshot v1, https://goo.gl/fbAQLP

exports[`EuiStepHorizontal is rendered 1`] = `
<div
  aria-disabled="false"
  aria-label="aria-label"
  aria-selected="false"
  class="euiStepHorizontal testClass1 testClass2 euiStepHorizontal-isIncomplete"
  data-test-subj="test subject string"
  role="tab"
  tabindex="0"
  title="Step 1: First step"
>
  <div
    class="euiScreenReaderOnly"
  >
    Step
  </div>
  <div
    class="euiStepNumber euiStepNumber--incomplete euiStepHorizontal__number"
  >
    1
  </div>
  <div
    class="euiStepHorizontal__title"
  >
    First step
  </div>
</div>
`;
