// Jest Snapshot v1, https://goo.gl/fbAQLP

exports[`EuiQuickSelect is rendered 1`] = `
<fieldset>
  <EuiI18n
    default="Quick select a time range"
    token="euiQuickSelect.legendText"
  >
    <Component />
  </EuiI18n>
  <EuiFlexGroup
    alignItems="center"
    gutterSize="s"
    justifyContent="spaceBetween"
    responsive={false}
  >
    <EuiFlexItem
      grow={false}
    >
      <EuiI18n
        default="Quick select"
        token="euiQuickSelect.quickSelectTitle"
      >
        <Component />
      </EuiI18n>
    </EuiFlexItem>
    <EuiFlexItem
      grow={false}
    >
      <EuiFlexGroup
        alignItems="center"
        gutterSize="s"
        responsive={false}
      >
        <EuiFlexItem
          grow={false}
        >
          <EuiI18n
            default="Previous time window"
            token="euiQuickSelect.previousLabel"
          >
            <Component />
          </EuiI18n>
        </EuiFlexItem>
        <EuiFlexItem
          grow={false}
        >
          <EuiI18n
            default="Next time window"
            token="euiQuickSelect.nextLabel"
          >
            <Component />
          </EuiI18n>
        </EuiFlexItem>
      </EuiFlexGroup>
    </EuiFlexItem>
  </EuiFlexGroup>
  <EuiSpacer
    size="s"
  />
  <EuiFlexGroup
    gutterSize="s"
    responsive={false}
  >
    <EuiFlexItem>
      <EuiI18n
        default="Time tense"
        token="euiQuickSelect.tenseLabel"
      >
        <Component />
      </EuiI18n>
    </EuiFlexItem>
    <EuiFlexItem>
      <EuiI18n
        default="Time value"
        token="euiQuickSelect.valueLabel"
      >
        <Component />
      </EuiI18n>
    </EuiFlexItem>
    <EuiFlexItem>
      <EuiI18n
        default="Time unit"
        token="euiQuickSelect.unitLabel"
      >
        <Component />
      </EuiI18n>
    </EuiFlexItem>
    <EuiFlexItem
      grow={false}
    >
      <EuiButton
        aria-describedby="generated-id generated-id"
        className="euiQuickSelect__applyButton"
        disabled={false}
        onClick={[Function]}
        size="s"
      >
        <EuiI18n
          default="Apply"
          token="euiQuickSelect.applyButton"
        />
      </EuiButton>
    </EuiFlexItem>
  </EuiFlexGroup>
  <EuiHorizontalRule
    margin="s"
  />
  <EuiScreenReaderOnly>
    <p
      id="generated-id"
    >
      <EuiI18n
        default="Currently set to {timeTense} {timeValue} {timeUnit}."
        token="euiQuickSelect.fullDescription"
        values={
          Object {
            "timeTense": "last",
            "timeUnit": "minutes",
            "timeValue": 15,
          }
        }
      />
    </p>
  </EuiScreenReaderOnly>
</fieldset>
`;

exports[`EuiQuickSelect prevQuickSelect 1`] = `
<fieldset>
  <EuiI18n
    default="Quick select a time range"
    token="euiQuickSelect.legendText"
  >
    <Component />
  </EuiI18n>
  <EuiFlexGroup
    alignItems="center"
    gutterSize="s"
    justifyContent="spaceBetween"
    responsive={false}
  >
    <EuiFlexItem
      grow={false}
    >
      <EuiI18n
        default="Quick select"
        token="euiQuickSelect.quickSelectTitle"
      >
        <Component />
      </EuiI18n>
    </EuiFlexItem>
    <EuiFlexItem
      grow={false}
    >
      <EuiFlexGroup
        alignItems="center"
        gutterSize="s"
        responsive={false}
      >
        <EuiFlexItem
          grow={false}
        >
          <EuiI18n
            default="Previous time window"
            token="euiQuickSelect.previousLabel"
          >
            <Component />
          </EuiI18n>
        </EuiFlexItem>
        <EuiFlexItem
          grow={false}
        >
          <EuiI18n
            default="Next time window"
            token="euiQuickSelect.nextLabel"
          >
            <Component />
          </EuiI18n>
        </EuiFlexItem>
      </EuiFlexGroup>
    </EuiFlexItem>
  </EuiFlexGroup>
  <EuiSpacer
    size="s"
  />
  <EuiFlexGroup
    gutterSize="s"
    responsive={false}
  >
    <EuiFlexItem>
      <EuiI18n
        default="Time tense"
        token="euiQuickSelect.tenseLabel"
      >
        <Component />
      </EuiI18n>
    </EuiFlexItem>
    <EuiFlexItem>
      <EuiI18n
        default="Time value"
        token="euiQuickSelect.valueLabel"
      >
        <Component />
      </EuiI18n>
    </EuiFlexItem>
    <EuiFlexItem>
      <EuiI18n
        default="Time unit"
        token="euiQuickSelect.unitLabel"
      >
        <Component />
      </EuiI18n>
    </EuiFlexItem>
    <EuiFlexItem
      grow={false}
    >
      <EuiButton
        aria-describedby="generated-id generated-id"
        className="euiQuickSelect__applyButton"
        disabled={false}
        onClick={[Function]}
        size="s"
      >
        <EuiI18n
          default="Apply"
          token="euiQuickSelect.applyButton"
        />
      </EuiButton>
    </EuiFlexItem>
  </EuiFlexGroup>
  <EuiHorizontalRule
    margin="s"
  />
  <EuiScreenReaderOnly>
    <p
      id="generated-id"
    >
      <EuiI18n
        default="Currently set to {timeTense} {timeValue} {timeUnit}."
        token="euiQuickSelect.fullDescription"
        values={
          Object {
            "timeTense": "Next",
            "timeUnit": "months",
            "timeValue": 32,
          }
        }
      />
    </p>
  </EuiScreenReaderOnly>
</fieldset>
`;
