// Jest Snapshot v1, https://goo.gl/fbAQLP

exports[`CustomRowAction render 1`] = `
<div
  style={
    Object {
      "opacity": 1,
    }
  }
/>
`;
