// Jest Snapshot v1, https://goo.gl/fbAQLP

exports[`Bar rendering 2Y1G should compute the domain 1`] = `
Object {
  "colorDomain": Object {
    "accessors": Array [
      "g",
    ],
    "domain": Array [
      "a--y1",
      "a--y2",
      "b--y1",
      "b--y2",
    ],
    "scaleType": "ordinal",
    "yAccessors": Array [
      "y1",
      "y2",
    ],
  },
  "xDomains": Array [
    Object {
      "accessor": "x",
      "domain": Array [
        0,
        1,
        2,
        3,
      ],
      "level": 0,
      "scaleType": "ordinal",
    },
    Object {
      "accessor": "g",
      "domain": Array [
        "a",
        "b",
      ],
      "level": 1,
      "scaleType": "ordinal",
    },
    Object {
      "accessor": "groupedY",
      "domain": Array [
        "y1",
        "y2",
      ],
      "level": 2,
      "scaleType": "ordinal",
    },
  ],
  "yDomain": Object {
    "accessor": "y",
    "domain": Array [
      0,
      10,
    ],
    "isStacked": false,
    "level": 0,
    "scaleType": "linear",
  },
}
`;

exports[`Bar rendering 2Y1G should render the bar series 1`] = `
Array [
  Object {
    "accessor": "x",
    "elements": Array [
      Object {
        "accessor": "g",
        "elements": Array [
          Object {
            "accessor": "groupedY",
            "data": Object {
              "g": "a",
              "x": 0,
              "y1": 1,
              "y2": 4,
            },
            "fill": "green",
            "height": 10,
            "level": 2,
            "levelValue": 1,
            "width": 10,
            "x": 0,
            "y": 90,
          },
          Object {
            "accessor": "groupedY",
            "data": Object {
              "g": "a",
              "x": 0,
              "y1": 1,
              "y2": 4,
            },
            "fill": "blue",
            "height": 40,
            "level": 2,
            "levelValue": 4,
            "width": 10,
            "x": 10,
            "y": 60,
          },
        ],
        "height": 100,
        "level": 1,
        "levelValue": "a",
        "width": 20,
        "x": 0,
        "y": 0,
      },
      Object {
        "accessor": "g",
        "elements": Array [
          Object {
            "accessor": "groupedY",
            "data": Object {
              "g": "b",
              "x": 0,
              "y1": 3,
              "y2": 6,
            },
            "fill": "yellow",
            "height": 30,
            "level": 2,
            "levelValue": 3,
            "width": 10,
            "x": 0,
            "y": 70,
          },
          Object {
            "accessor": "groupedY",
            "data": Object {
              "g": "b",
              "x": 0,
              "y1": 3,
              "y2": 6,
            },
            "fill": "violet",
            "height": 60,
            "level": 2,
            "levelValue": 6,
            "width": 10,
            "x": 10,
            "y": 40,
          },
        ],
        "height": 100,
        "level": 1,
        "levelValue": "b",
        "width": 20,
        "x": 20,
        "y": 0,
      },
    ],
    "height": 100,
    "level": 0,
    "levelValue": "0",
    "width": 40,
    "x": 0,
    "y": 0,
  },
  Object {
    "accessor": "x",
    "elements": Array [
      Object {
        "accessor": "g",
        "elements": Array [
          Object {
            "accessor": "groupedY",
            "data": Object {
              "g": "a",
              "x": 1,
              "y1": 2,
              "y2": 1,
            },
            "fill": "green",
            "height": 20,
            "level": 2,
            "levelValue": 2,
            "width": 10,
            "x": 0,
            "y": 80,
          },
          Object {
            "accessor": "groupedY",
            "data": Object {
              "g": "a",
              "x": 1,
              "y1": 2,
              "y2": 1,
            },
            "fill": "blue",
            "height": 10,
            "level": 2,
            "levelValue": 1,
            "width": 10,
            "x": 10,
            "y": 90,
          },
        ],
        "height": 100,
        "level": 1,
        "levelValue": "a",
        "width": 20,
        "x": 0,
        "y": 0,
      },
      Object {
        "accessor": "g",
        "elements": Array [
          Object {
            "accessor": "groupedY",
            "data": Object {
              "g": "b",
              "x": 1,
              "y1": 2,
              "y2": 5,
            },
            "fill": "yellow",
            "height": 20,
            "level": 2,
            "levelValue": 2,
            "width": 10,
            "x": 0,
            "y": 80,
          },
          Object {
            "accessor": "groupedY",
            "data": Object {
              "g": "b",
              "x": 1,
              "y1": 2,
              "y2": 5,
            },
            "fill": "violet",
            "height": 50,
            "level": 2,
            "levelValue": 5,
            "width": 10,
            "x": 10,
            "y": 50,
          },
        ],
        "height": 100,
        "level": 1,
        "levelValue": "b",
        "width": 20,
        "x": 20,
        "y": 0,
      },
    ],
    "height": 100,
    "level": 0,
    "levelValue": "1",
    "width": 40,
    "x": 40,
    "y": 0,
  },
  Object {
    "accessor": "x",
    "elements": Array [
      Object {
        "accessor": "g",
        "elements": Array [
          Object {
            "accessor": "groupedY",
            "data": Object {
              "g": "a",
              "x": 2,
              "y1": 10,
              "y2": 5,
            },
            "fill": "green",
            "height": 100,
            "level": 2,
            "levelValue": 10,
            "width": 10,
            "x": 0,
            "y": 0,
          },
          Object {
            "accessor": "groupedY",
            "data": Object {
              "g": "a",
              "x": 2,
              "y1": 10,
              "y2": 5,
            },
            "fill": "blue",
            "height": 50,
            "level": 2,
            "levelValue": 5,
            "width": 10,
            "x": 10,
            "y": 50,
          },
        ],
        "height": 100,
        "level": 1,
        "levelValue": "a",
        "width": 20,
        "x": 0,
        "y": 0,
      },
      Object {
        "accessor": "g",
        "elements": Array [
          Object {
            "accessor": "groupedY",
            "data": Object {
              "g": "b",
              "x": 2,
              "y1": 3,
              "y2": 1,
            },
            "fill": "yellow",
            "height": 30,
            "level": 2,
            "levelValue": 3,
            "width": 10,
            "x": 0,
            "y": 70,
          },
          Object {
            "accessor": "groupedY",
            "data": Object {
              "g": "b",
              "x": 2,
              "y1": 3,
              "y2": 1,
            },
            "fill": "violet",
            "height": 10,
            "level": 2,
            "levelValue": 1,
            "width": 10,
            "x": 10,
            "y": 90,
          },
        ],
        "height": 100,
        "level": 1,
        "levelValue": "b",
        "width": 20,
        "x": 20,
        "y": 0,
      },
    ],
    "height": 100,
    "level": 0,
    "levelValue": "2",
    "width": 40,
    "x": 80,
    "y": 0,
  },
  Object {
    "accessor": "x",
    "elements": Array [
      Object {
        "accessor": "g",
        "elements": Array [
          Object {
            "accessor": "groupedY",
            "data": Object {
              "g": "a",
              "x": 3,
              "y1": 7,
              "y2": 3,
            },
            "fill": "green",
            "height": 70,
            "level": 2,
            "levelValue": 7,
            "width": 10,
            "x": 0,
            "y": 30,
          },
          Object {
            "accessor": "groupedY",
            "data": Object {
              "g": "a",
              "x": 3,
              "y1": 7,
              "y2": 3,
            },
            "fill": "blue",
            "height": 30,
            "level": 2,
            "levelValue": 3,
            "width": 10,
            "x": 10,
            "y": 70,
          },
        ],
        "height": 100,
        "level": 1,
        "levelValue": "a",
        "width": 20,
        "x": 0,
        "y": 0,
      },
      Object {
        "accessor": "g",
        "elements": Array [
          Object {
            "accessor": "groupedY",
            "data": Object {
              "g": "b",
              "x": 3,
              "y1": 6,
              "y2": 4,
            },
            "fill": "yellow",
            "height": 60,
            "level": 2,
            "levelValue": 6,
            "width": 10,
            "x": 0,
            "y": 40,
          },
          Object {
            "accessor": "groupedY",
            "data": Object {
              "g": "b",
              "x": 3,
              "y1": 6,
              "y2": 4,
            },
            "fill": "violet",
            "height": 40,
            "level": 2,
            "levelValue": 4,
            "width": 10,
            "x": 10,
            "y": 60,
          },
        ],
        "height": 100,
        "level": 1,
        "levelValue": "b",
        "width": 20,
        "x": 20,
        "y": 0,
      },
    ],
    "height": 100,
    "level": 0,
    "levelValue": "3",
    "width": 40,
    "x": 120,
    "y": 0,
  },
]
`;
